<!DOCTYPE html>
<html lang="en">
  <head>
    
    <meta name="viewport" content="width=device-width, initial-scale=1, maximum-scale=1">
    <title></title>
    <link href="files/styles.css" rel="stylesheet">
    
  </head>
  <body>
    <div id="openseadragon1"></div>
    <script>
      var EXTRACTED_METADATA = {
        originalPageDimensions: {"width":400,"height":832},
        originalPageLinks: [],
        filesDir: 'files',
        tilesDir: 'pagetiles',
        maxLevel: 2,
        tileSize: 256
      };
    </script>
    <script type="text/javascript" src="files/openseadragon/openseadragon.js"></script>
    <script type="text/javascript" src="files/comicMap.js"></script>
  </body>
</html>
